{
    "Should run without error": {
        "content": null,
        "meta": {
            "nf-test": "0.8.4",
            "nextflow": "23.10.1"
        },
        "timestamp": "2024-03-12T14:30:51.382997081"
    }
}