{
    "Should run with specified region without fasta": {
        "content": [
            [
                [
                    {
                        "chr": "chr22",
                        "region": "chr22:0-4000"
                    },
                    "chr22:0-4000"
                ]
            ]
        ],
        "meta": {
            "nf-test": "0.8.4",
            "nextflow": "23.10.1"
        },
        "timestamp": "2024-03-17T15:20:16.458964814"
    },
    "Should run with specified chr": {
        "content": [
            [
                [
                    {
                        "chr": "chr22",
                        "region": "chr22:16570000-16610000"
                    },
                    "chr22:16570000-16610000"
                ]
            ]
        ],
        "meta": {
            "nf-test": "0.8.4",
            "nextflow": "23.10.1"
        },
        "timestamp": "2024-03-17T15:20:11.51328291"
    },
    "Should run with 'all'": {
        "content": [
            [
                [
                    {
                        "chr": "chr21",
                        "region": "chr21:16570000-16610000"
                    },
                    "chr21:16570000-16610000"
                ],
                [
                    {
                        "chr": "chr22",
                        "region": "chr22:16570000-16610000"
                    },
                    "chr22:16570000-16610000"
                ]
            ]
        ],
        "meta": {
            "nf-test": "0.8.4",
            "nextflow": "23.10.1"
        },
        "timestamp": "2024-03-17T15:20:06.490072121"
    }
}